  Determining projects to restore...
  All projects are up-to-date for restore.
C:\Program Files\dotnet\sdk\10.0.300-preview.0.26177.108\Sdks\Microsoft.NET.Sdk\targets\Microsoft.NET.RuntimeIdentifierInference.targets(383,5): message NETSDK1057: You are using a preview version of .NET. See: https://aka.ms/dotnet-support-policy [D:\Cshrap\Industrial-LinkPro\Industrial-LinkPro\RadioIndustriaLibrary\RadioIndustriaLibrary.csproj]
C:\Program Files\dotnet\sdk\10.0.300-preview.0.26177.108\Sdks\Microsoft.NET.Sdk\targets\Microsoft.NET.RuntimeIdentifierInference.targets(383,5): message NETSDK1057: You are using a preview version of .NET. See: https://aka.ms/dotnet-support-policy [D:\Cshrap\Industrial-LinkPro\Industrial-LinkPro\IndustrialLinkPro.OpcClient\IndustrialLinkPro.OpcClient.csproj]
C:\Program Files\dotnet\sdk\10.0.300-preview.0.26177.108\Sdks\Microsoft.NET.Sdk\targets\Microsoft.NET.RuntimeIdentifierInference.targets(383,5): message NETSDK1057: You are using a preview version of .NET. See: https://aka.ms/dotnet-support-policy [D:\Cshrap\Industrial-LinkPro\Industrial-LinkPro\IndustrialLinkPro.OpcServer\IndustrialLinkPro.OpcServer.csproj]
  RadioIndustriaLibrary -> D:\Cshrap\Industrial-LinkPro\Industrial-LinkPro\RadioIndustriaLibrary\bin\Debug\net10.0\RadioIndustriaLibrary.dll
  IndustrialLinkPro.OpcClient -> D:\Cshrap\Industrial-LinkPro\Industrial-LinkPro\IndustrialLinkPro.OpcClient\bin\Debug\net10.0\IndustrialLinkPro.OpcClient.dll
C:\Program Files\dotnet\sdk\10.0.300-preview.0.26177.108\Sdks\Microsoft.NET.Sdk\targets\Microsoft.NET.RuntimeIdentifierInference.targets(383,5): message NETSDK1057: You are using a preview version of .NET. See: https://aka.ms/dotnet-support-policy [D:\Cshrap\Industrial-LinkPro\Industrial-LinkPro\RadioIndustrialApp\RadioIndustrialApp.csproj]
D:\Cshrap\Industrial-LinkPro\Industrial-LinkPro\IndustrialLinkPro.OpcServer\OpcUa\OpcUaServerHost.cs(18,5): error CS0246: The type or namespace name 'DeviceApiClient' could not be found (are you missing a using directive or an assembly reference?) [D:\Cshrap\Industrial-LinkPro\Industrial-LinkPro\IndustrialLinkPro.OpcServer\IndustrialLinkPro.OpcServer.csproj]
D:\Cshrap\Industrial-LinkPro\Industrial-LinkPro\IndustrialLinkPro.OpcServer\OpcUa\OpcUaServerHost.cs(25,22): error CS0246: The type or namespace name 'DeviceApiClient' could not be found (are you missing a using directive or an assembly reference?) [D:\Cshrap\Industrial-LinkPro\Industrial-LinkPro\IndustrialLinkPro.OpcServer\IndustrialLinkPro.OpcServer.csproj]
  RadioIndustrialApp -> D:\Cshrap\Industrial-LinkPro\Industrial-LinkPro\RadioIndustrialApp\bin\Debug\net10.0\RadioIndustrialApp.dll

Build FAILED.

D:\Cshrap\Industrial-LinkPro\Industrial-LinkPro\IndustrialLinkPro.OpcServer\OpcUa\OpcUaServerHost.cs(18,5): error CS0246: The type or namespace name 'DeviceApiClient' could not be found (are you missing a using directive or an assembly reference?) [D:\Cshrap\Industrial-LinkPro\Industrial-LinkPro\IndustrialLinkPro.OpcServer\IndustrialLinkPro.OpcServer.csproj]
D:\Cshrap\Industrial-LinkPro\Industrial-LinkPro\IndustrialLinkPro.OpcServer\OpcUa\OpcUaServerHost.cs(25,22): error CS0246: The type or namespace name 'DeviceApiClient' could not be found (are you missing a using directive or an assembly reference?) [D:\Cshrap\Industrial-LinkPro\Industrial-LinkPro\IndustrialLinkPro.OpcServer\IndustrialLinkPro.OpcServer.csproj]
    0 Warning(s)
    2 Error(s)

Time Elapsed 00:00:05.24
